// Jest Snapshot v1, https://goo.gl/fbAQLP

exports[`expect to render Greeting component 1`] = `
<ContextConsumer>
  <Component />
</ContextConsumer>
`;
