// Jest Snapshot v1, https://goo.gl/fbAQLP

exports[`expect to render cartItem component 1`] = `
<div
  id="product-item-container"
>
  <h3
    id="product-item-name"
  >
    BALL
  </h3>
  <img
    alt="item"
    id="product-item-image"
    src="www.picture.com"
  />
  <div
    id="product-item-overlay"
  >
    <div
      id="product-item-labels"
    >
      <span>
        "Lorem ipsum dolor sit amet, consectetur adipiscing elit, sed do eiusmod tempor incididunt ut labore et dolore magna aliqua. Ut enim ad minim veniam, quis nostrud exercitation ullamco laboris nisi ut aliquip ex ea commodo consequat. Duis aute irure dolor in reprehenderit in voluptate velit esse cillum dolore eu fugiat nulla pariatur. Excepteur sint occaecat cupidatat non proident, sunt in culpa qui officia deserunt mollit anim id est laborum."
      </span>
      <h2
        id="product-item-price"
      >
        Â£
        10
      </h2>
      <span
        id="product-item-seller"
      >
        seller: 
      </span>
      <button
        className="product-item-button"
        onClick={[Function]}
      >
        Add to cart
      </button>
    </div>
  </div>
</div>
`;
